
[1m[46m RUN [49m[22m [36mv4.0.16 [39m[90mD:/wxc_work_file/projects/5202/ViberCodingPlace/zhiyue[39m

 [31m鉂?[39m src/logic/anki/__tests__/exporter.spec.ts [2m([22m[2m9 tests[22m[2m | [22m[31m1 failed[39m[2m)[22m[32m 13[2mms[22m[39m
       [32m鉁?[39m should format card data with tabs as separators[32m 2[2mms[22m[39m
       [32m鉁?[39m should combine targetWord, reading, and sentence in field 1 (Front)[32m 1[2mms[22m[39m
       [32m鉁?[39m should combine meaning, hint in field 2 (Back)[32m 0[2mms[22m[39m
       [32m鉁?[39m should replace newlines with <br> tags[32m 0[2mms[22m[39m
       [32m鉁?[39m should include image as HTML img tag with Base64 when provided[32m 0[2mms[22m[39m
       [32m鉁?[39m should return empty string for image field when no image provided[32m 0[2mms[22m[39m
       [32m鉁?[39m should sanitize HTML special characters in text fields[32m 0[2mms[22m[39m
       [32m鉁?[39m should handle empty or missing optional fields[32m 0[2mms[22m[39m
[31m       [31m脳[31m should produce valid Anki-compatible TSV format[39m[32m 7[2mms[22m[39m
node.exe : 
所在位置 C:\Program Files\nodejs\pnpm.ps1:1
6 字符: 5
+     & "$basedir/node$exe"  "$basedir/
node_modules/pnpm/bin/pnpm.cjs"  ...
+     ~~~~~~~~~~~~~~~~~~~~~~~~~~~~~~~~~
~~~~~~~~~~~~~~~~~~~~~~~~~~~~~~~~
    + CategoryInfo          : NotSpeci 
   fied: (:String) [], RemoteExceptio  
  n
    + FullyQualifiedErrorId : NativeCo 
   mmandError
 
[31m鈳幆鈳幆鈳幆鈳?[39m[1m[41m Failed Te
sts 1 [49m[22m[31m鈳幆鈳幆鈳幆鈳?[39m

[41m[1m FAIL [22m[49m src/logic/ank
i/__tests__/exporter.spec.ts[2m > [22
mAnki TSV Exporter[2m > [22mformatDat
aForAnki[2m > [22mshould produce vali
d Anki-compatible TSV format
[31m[1mAssertionError[22m: expected 
'<strong>椋熴伖銈?/strong><br><em>銇熴伖銈?/em>
<鈥? not to match /[\t\n]$/[39m

[32m- Expected:[39m 
/[\t\n]$/

[31m+ Received:[39m 
"<strong>椋熴伖銈?/strong><br><em>銇熴伖銈?/em>
<br>绉併伅姣庢棩鏈濄仈銇倱銈掗銇广倠銆?to eat<br><smal
l>銈?verb (ichidan verb)</small>	"

[36m [2m鉂?[22m src/logic/anki/__tests
__/exporter.spec.ts:[2m113:32[22m[39
m
    [90m111| [39m
    [90m112| [39m            [90m// 
Should end with no trailing newline or 
tab[39m
    [90m113| [39m            [34mexp
ect[39m(result)[33m.[39mnot[33m.[3
9m[34mtoMatch[39m([36m/[\t\n]$/[39m
)
    [90m   | [39m                    
           [31m^[39m
    [90m114| [39m
    [90m115| [39m            [90m// 
Should have exactly 2 tab separators (3
 fields)[39m

[31m[2m鈳幆鈳幆鈳幆鈳幆鈳幆鈳幆鈳幆鈳幆鈳幆鈳幆
鈳幆鈳幆[1/1]鈳?[22m[39m


[2m Test Files [22m [1m[31m1 failed[39m[22m[90m (1)[39m
[2m      Tests [22m [1m[31m1 failed[39m[22m[2m | [22m[1m[32m8 passed[39m[22m[90m (9)[39m
[2m   Start at [22m 16:48:42
[2m   Duration [22m 637ms[2m (transform 75ms, setup 0ms, import 98ms, tests 13ms, environment 0ms)[22m

